// Jest Snapshot v1, https://goo.gl/fbAQLP

exports[`renders correctly back button 1`] = `
<button
  className="ant-btn back-btn ant-btn-primary"
  onClick={[Function]}
  type="button"
>
  <span>
    返 回
  </span>
</button>
`;
